 
 gcc -g p5original.c
 gdb a.out
GNU gdb (Ubuntu 8.1.1-0ubuntu1) 8.1.1
Copyright (C) 2018 Free Software Foundation, Inc.
License GPLv3+: GNU GPL version 3 or later <http://gnu.org/licenses/gpl.html>
This is free software: you are free to change and redistribute it.
There is NO WARRANTY, to the extent permitted by law.  Type "show copying"
and "show warranty" for details.
This GDB was configured as "x86_64-linux-gnu".
Type "show configuration" for configuration details.
For bug reporting instructions, please see:
<http://www.gnu.org/software/gdb/bugs/>.
Find the GDB manual and other documentation resources online at:
<http://www.gnu.org/software/gdb/documentation/>.
For help, type "help".
Type "apropos word" to search for commands related to "word"...
Reading symbols from a.out...done.
(gdb) b main
Breakpoint 1 at 0x879: file p5original.c, line 31.
(gdb) r
Starting program: /home/runner/pps-test1-vennela2003-6/a.out 
warning: Error disabling address space randomization: Operation not permitted

Breakpoint 1, main () at p5original.c:31
31  {
(gdb) n
33      input(&a1,&a2,&a3);
(gdb) s
input (a=0x7ffcc77aa998, b=0x7ffcc77aa99c, c=0x7ffcc77aa9a0)
    at p5original.c:4
4       printf("enter the first number:\n");
(gdb) n
enter the first number:
5       scanf("%d",a);
(gdb) n
67
6       printf("enter the second number:\n");
(gdb) n
enter the second number:
7       scanf("%d",b);
(gdb) n
87
8       printf("enter the third number:\n");
(gdb) n
enter the third number:
9       scanf("%d",c);
(gdb) n
69
10  }
(gdb) n
main () at p5original.c:34
34      cmp(a1,a2,a3,& large);
(gdb) n
35      output(a1,a2,a3,large);
(gdb) n
the biggest of 67 ,87 and 69 is 87 
36      return 0;