gcc -g p8final.c
 gdb a.out
GNU gdb (Ubuntu 8.1.1-0ubuntu1) 8.1.1
Copyright (C) 2018 Free Software Foundation, Inc.
License GPLv3+: GNU GPL version 3 or later <http://gnu.org/licenses/gpl.html>
This is free software: you are free to change and redistribute it.
There is NO WARRANTY, to the extent permitted by law.  Type "show copying"
and "show warranty" for details.
This GDB was configured as "x86_64-linux-gnu".
Type "show configuration" for configuration details.
For bug reporting instructions, please see:
<http://www.gnu.org/software/gdb/bugs/>.
Find the GDB manual and other documentation resources online at:
<http://www.gnu.org/software/gdb/documentation/>.
For help, type "help".
Type "apropos word" to search for commands related to "word"...
Reading symbols from a.out...done.
(gdb) b main
Breakpoint 1 at 0x82b: file p8final.c, line 32.
(gdb) r
Starting program: /home/runner/pps-test1-vennela2003-6/a.out 
warning: Error disabling address space randomization: Operation not permitted

Breakpoint 1, main () at p8final.c:32
32      n=input();
(gdb) s
input () at p8final.c:5
5   {
(gdb) n
7     printf ("enter a number: \n ");
 
 gcc -g p7original.c
p7original.c: In function ‘input_array’:
p7original.c:12:22: warning: format ‘%d’ expects a matching ‘int
 
 gcc -g p7original.c
 gdb a.out
GNU gdb (Ubuntu 8.1.1-0ubuntu1) 8.1.1
Copyright (C) 2018 Free Software Foundation, Inc.
License GPLv3+: GNU GPL version 3 or later <http://gnu.org/licenses/gpl.html>
This is free software: you are free to change and redistribute it.
There is NO WARRANTY, to the extent permitted by law.  Type "show copying"
and "show warranty" for details.
This GDB was configured as "x86_64-linux-gnu".
Type "show configuration" for configuration details.
For bug reporting instructions, please see:
<http://www.gnu.org/software/gdb/bugs/>.
Find the GDB manual and other documentation resources online at:
<http://www.gnu.org/software/gdb/documentation/>.
For help, type "help".
Type "apropos word" to search for commands related to "word"...
Reading symbols from a.out...done.
(gdb) b main
Breakpoint 1 at 0x90c: file p7original.c, line 37.
(gdb)  r
Starting program: /home/runner/pps-test1-vennela2003-6/a.out 
warning: Error disabling address space randomization: Operation not permitted

Breakpoint 1, main () at p7original.c:37
37  {
(gdb) n
39  n=input();
(gdb) s
input () at p7original.c:3
3   {
(gdb) n
5     printf("enter array size\n");
(gdb) n
enter array size
6     scanf("%d",&a);
(gdb) n
5
7     return a;
(gdb) n
8   }
(gdb) n
main () at p7original.c:40
40  int a[n];
(gdb) s
41  input_array(n,a);
(gdb) n
enter the elements no 0 of the array
5
enter the elements no 1 of the array
6
enter the elements no 2 of the array
 
 gcc -g p7original.c 
 gdb a.out
GNU gdb (Ubuntu 8.1.1-0ubuntu1) 8.1.1
Copyright (C) 2018 Free Software Foundation, Inc.
License GPLv3+: GNU GPL version 3 or later <http://gnu.org/licenses/gpl.html>
This is free software: you are free to change and redistribute it.
There is NO WARRANTY, to the extent permitted by law.  Type "show copying"
and "show warranty" for details.
This GDB was configured as "x86_64-linux-gnu".
Type "show configuration" for configuration details.
For bug reporting instructions, please see:
<http://www.gnu.org/software/gdb/bugs/>.
Find the GDB manual and other documentation resources online at:
<http://www.gnu.org/software/gdb/documentation/>.
For help, type "help".
Type "apropos word" to search for commands related to "word"...
Reading symbols from a.out...done.
(gdb) b main
Breakpoint 1 at 0x90c: file p7original.c, line 37.
(gdb) r
Starting program: /home/runner/pps-test1-vennela2003-6/a.out 
warning: Error disabling address space randomization: Operation not permitted

Breakpoint 1, main () at p7original.c:37
37  {
(gdb) n
39  n=input();
(gdb) s
input () at p7original.c:3
3   {
(gdb) n
5     printf("enter array size\n");
(gdb) n
enter array size
6     scanf("%d",&a);
(gdb) n
5
7     return a;
(gdb) n
8   }
(gdb) n
main () at p7original.c:40
40  int a[n];
(gdb) s
41  input_array(n,a);
(gdb) n
enter the elements no 0 of the array
2
enter the elements no 1 of the array
7
enter the elements no 2 of the array
9
enter the elements no 3 of the array
4
enter the elements no 4 of the array
9
42  sum=array_sum(n,a);
(gdb) s
array_sum (n=5, a=0x7fff22c943f0) at p7original.c:21
21    int sum=0;
(gdb) n
22    for (int i=0;i<n;i++)
(gdb) n
23    sum +=a[i];
(gdb) n
22    for (int i=0;i<n;i++)
(gdb) n
23    sum +=a[i];
(gdb) n
22    for (int i=0;i<n;i++)
(gdb) n
23    sum +=a[i];
(gdb) n
22    for (int i=0;i<n;i++)
(gdb) n
23    sum +=a[i];
(gdb) n
22    for (int i=0;i<n;i++)
(gdb) n
23    sum +=a[i];
(gdb) n
22    for (int i=0;i<n;i++)
(gdb) n
24    return sum;
(gdb) n
25  }
(gdb) n
main () at p7original.c:43
43  output(n,a,sum);
(gdb) s
output (n=5, a=0x7fff22c943f0, sum=31) at p7original.c:29
29    printf("the sum of ");
(gdb) n
30   for(i=0;i<n-1;i++)
(gdb) n
32     printf("%d+",a[i]);
(gdb) n
30   for(i=0;i<n-1;i++)
(gdb) n
32     printf("%d+",a[i]);
(gdb) n
30   for(i=0;i<n-1;i++)
(gdb) n
32     printf("%d+",a[i]);
(gdb) n
30   for(i=0;i<n-1;i++)
(gdb) n
32     printf("%d+",a[i]);
(gdb) n
30   for(i=0;i<n-1;i++)
(gdb) n
34    printf("%d=%d\n",a[i],sum);
(gdb) n
the sum of 2+7+9+4+9=31